// Jest Snapshot v1, https://goo.gl/fbAQLP

exports[`<Dashboard /> matches snapshot 1`] = `
Array [
  <div
    className="display panel"
  >
    <div
      className="led green-led"
    >
      Unlocked
    </div>
    <div
      className="led green-led"
    >
      Open
    </div>
  </div>,
  <div
    className="controls panel"
  >
    <button
      className="toggle-btn"
      disabled={true}
      onClick={[Function]}
    >
      Lock Gate
    </button>
    <button
      className="toggle-btn"
      disabled={false}
      onClick={[Function]}
    >
      Close Gate
    </button>
  </div>,
]
`;

exports[`<Dashboard /> should match snapshot 1`] = `
Array [
  <div
    className="display panel"
  >
    <div
      className="led green-led"
    >
      Unlocked
    </div>
    <div
      className="led green-led"
    >
      Open
    </div>
  </div>,
  <div
    className="controls panel"
  >
    <button
      className="toggle-btn"
      disabled={true}
      onClick={[Function]}
    >
      Lock Gate
    </button>
    <button
      className="toggle-btn"
      disabled={false}
      onClick={[Function]}
    >
      Close Gate
    </button>
  </div>,
]
`;

exports[`Dashboard renders successfully 1`] = `
Object {
  "asFragment": [Function],
  "baseElement": <body>
    <div>
      <div
        class="display panel"
      >
        <div
          class="led green-led"
        >
          Unlocked
        </div>
        <div
          class="led green-led"
        >
          Open
        </div>
      </div>
      <div
        class="controls panel"
      >
        <button
          class="toggle-btn"
          disabled=""
        >
          Lock Gate
        </button>
        <button
          class="toggle-btn"
        >
          Close Gate
        </button>
      </div>
    </div>
  </body>,
  "container": <div>
    <div
      class="display panel"
    >
      <div
        class="led green-led"
      >
        Unlocked
      </div>
      <div
        class="led green-led"
      >
        Open
      </div>
    </div>
    <div
      class="controls panel"
    >
      <button
        class="toggle-btn"
        disabled=""
      >
        Lock Gate
      </button>
      <button
        class="toggle-btn"
      >
        Close Gate
      </button>
    </div>
  </div>,
  "debug": [Function],
  "findAllByAltText": [Function],
  "findAllByDisplayValue": [Function],
  "findAllByLabelText": [Function],
  "findAllByPlaceholderText": [Function],
  "findAllByRole": [Function],
  "findAllByTestId": [Function],
  "findAllByText": [Function],
  "findAllByTitle": [Function],
  "findByAltText": [Function],
  "findByDisplayValue": [Function],
  "findByLabelText": [Function],
  "findByPlaceholderText": [Function],
  "findByRole": [Function],
  "findByTestId": [Function],
  "findByText": [Function],
  "findByTitle": [Function],
  "getAllByAltText": [Function],
  "getAllByDisplayValue": [Function],
  "getAllByLabelText": [Function],
  "getAllByPlaceholderText": [Function],
  "getAllByRole": [Function],
  "getAllByTestId": [Function],
  "getAllByText": [Function],
  "getAllByTitle": [Function],
  "getByAltText": [Function],
  "getByDisplayValue": [Function],
  "getByLabelText": [Function],
  "getByPlaceholderText": [Function],
  "getByRole": [Function],
  "getByTestId": [Function],
  "getByText": [Function],
  "getByTitle": [Function],
  "queryAllByAltText": [Function],
  "queryAllByDisplayValue": [Function],
  "queryAllByLabelText": [Function],
  "queryAllByPlaceholderText": [Function],
  "queryAllByRole": [Function],
  "queryAllByTestId": [Function],
  "queryAllByText": [Function],
  "queryAllByTitle": [Function],
  "queryByAltText": [Function],
  "queryByDisplayValue": [Function],
  "queryByLabelText": [Function],
  "queryByPlaceholderText": [Function],
  "queryByRole": [Function],
  "queryByTestId": [Function],
  "queryByText": [Function],
  "queryByTitle": [Function],
  "rerender": [Function],
  "unmount": [Function],
}
`;

exports[`it renders successfully 1`] = `
Object {
  "asFragment": [Function],
  "baseElement": <body>
    <div>
      <div
        class="display panel"
      >
        <div
          class="led green-led"
        >
          Unlocked
        </div>
        <div
          class="led green-led"
        >
          Open
        </div>
      </div>
      <div
        class="controls panel"
      >
        <button
          class="toggle-btn"
          disabled=""
        >
          Lock Gate
        </button>
        <button
          class="toggle-btn"
        >
          Close Gate
        </button>
      </div>
    </div>
  </body>,
  "container": <div>
    <div
      class="display panel"
    >
      <div
        class="led green-led"
      >
        Unlocked
      </div>
      <div
        class="led green-led"
      >
        Open
      </div>
    </div>
    <div
      class="controls panel"
    >
      <button
        class="toggle-btn"
        disabled=""
      >
        Lock Gate
      </button>
      <button
        class="toggle-btn"
      >
        Close Gate
      </button>
    </div>
  </div>,
  "debug": [Function],
  "findAllByAltText": [Function],
  "findAllByDisplayValue": [Function],
  "findAllByLabelText": [Function],
  "findAllByPlaceholderText": [Function],
  "findAllByRole": [Function],
  "findAllByTestId": [Function],
  "findAllByText": [Function],
  "findAllByTitle": [Function],
  "findByAltText": [Function],
  "findByDisplayValue": [Function],
  "findByLabelText": [Function],
  "findByPlaceholderText": [Function],
  "findByRole": [Function],
  "findByTestId": [Function],
  "findByText": [Function],
  "findByTitle": [Function],
  "getAllByAltText": [Function],
  "getAllByDisplayValue": [Function],
  "getAllByLabelText": [Function],
  "getAllByPlaceholderText": [Function],
  "getAllByRole": [Function],
  "getAllByTestId": [Function],
  "getAllByText": [Function],
  "getAllByTitle": [Function],
  "getByAltText": [Function],
  "getByDisplayValue": [Function],
  "getByLabelText": [Function],
  "getByPlaceholderText": [Function],
  "getByRole": [Function],
  "getByTestId": [Function],
  "getByText": [Function],
  "getByTitle": [Function],
  "queryAllByAltText": [Function],
  "queryAllByDisplayValue": [Function],
  "queryAllByLabelText": [Function],
  "queryAllByPlaceholderText": [Function],
  "queryAllByRole": [Function],
  "queryAllByTestId": [Function],
  "queryAllByText": [Function],
  "queryAllByTitle": [Function],
  "queryByAltText": [Function],
  "queryByDisplayValue": [Function],
  "queryByLabelText": [Function],
  "queryByPlaceholderText": [Function],
  "queryByRole": [Function],
  "queryByTestId": [Function],
  "queryByText": [Function],
  "queryByTitle": [Function],
  "rerender": [Function],
  "unmount": [Function],
}
`;
